#-----------------------------------------------------------
# Vivado v2019.2 (64-bit)
# SW Build 2708876 on Wed Nov  6 21:40:23 MST 2019
# IP Build 2700528 on Thu Nov  7 00:09:20 MST 2019
# Start of session at: Sun Nov 15 14:59:35 2020
# Process ID: 18960
# Current directory: C:/Users/fanqi/Documents/GitHub/Cache/Project/soc_axi_lite_loongson/run_vivado/mycpu_prj1
# Command line: vivado.exe -gui_launcher_event rodinguilauncherevent23240 C:\Users\fanqi\Documents\GitHub\Cache\Project\soc_axi_lite_loongson\run_vivado\mycpu_prj1\mycpu.xpr
# Log file: C:/Users/fanqi/Documents/GitHub/Cache/Project/soc_axi_lite_loongson/run_vivado/mycpu_prj1/vivado.log
# Journal file: C:/Users/fanqi/Documents/GitHub/Cache/Project/soc_axi_lite_loongson/run_vivado/mycpu_prj1\vivado.jou
#-----------------------------------------------------------
start_gui
open_project C:/Users/fanqi/Documents/GitHub/Cache/Project/soc_axi_lite_loongson/run_vivado/mycpu_prj1/mycpu.xpr
launch_simulation
source tb_top.tcl
update_compile_order -fileset sources_1
run all
current_wave_config {Untitled 1}
add_wave {{/tb_top/soc_lite/u_cpu/cache/d_cache}} 
close_sim
